{
  "regression": {
    "beta_sigma": -0.016029725695805,
    "beta_tau": -0.009307881393974435,
    "n": 64,
    "rank": 10,
    "intervals": {
      "ols": {
        "se": 0.07058167644948231,
        "df": 54,
        "ci95": [
          -0.1575374669349628,
          0.1254780155433528
        ],
        "log_drift_upper": 0.07474490827249479,
        "relative_drift_upper": 0.07760922662147532
      },
      "hc3": {
        "se": 0.07683959666286568,
        "df": 54,
        "ci95": [
          -0.17008384155790848,
          0.1380243901662985
        ],
        "log_drift_upper": 0.08069763582734103,
        "relative_drift_upper": 0.0840430712215817
      },
      "cluster_link": {
        "se": 0.11383896446141602,
        "df": 7,
        "ci95": [
          -0.2852161018374784,
          0.2531566504458684
        ],
        "log_drift_upper": 0.13532305542580478,
        "relative_drift_upper": 0.14490659290064528
      },
      "cluster_run": {
        "se": 0.07124186249342457,
        "df": 7,
        "ci95": [
          -0.1844899614763951,
          0.15243051008478511
        ],
        "log_drift_upper": 0.08753273437767115,
        "relative_drift_upper": 0.09147799271101036
      }
    }
  },
  "bootstrap": {
    "RT-O1": {
      "ci95": [
        -0.24129139963247426,
        0.18402172019811888
      ],
      "sd": 0.10257303148452612,
      "normal_p_pass_at_zero": 0.6703976380311774,
      "normal_p_pass_at_slope_point2": 0.1630774901478898
    },
    "RT-O2": {
      "ci95": [
        -0.01566747868302327,
        0.03761060234542108
      ],
      "sd": 0.013642702550173021,
      "normal_p_pass_at_zero": 0.9997526256520561,
      "normal_p_pass_at_slope_point2": 2.0220542877883336e-28
    }
  },
  "outlier": {
    "tau_s": 5.0,
    "sigma_ref": 0.045,
    "replicate": 0,
    "link": "vC",
    "link_index": 6,
    "tau_hat_s": 4.456156872217468,
    "sigma_ratio": 1.024201535069751,
    "sf": 0.9997911439923693,
    "v_indirect": 4.4374508820133143e-07,
    "kappa_indirect": 0.025608508459394205,
    "sigma_target": 0.045
  }
}
results/SMOKE/phase-G2/g3b_orthogonality_audit.json
docs/phase-G/66a-g3b-uncertainty-addendum.md
